2025-10-12 12:58:02,406 - INFO - ??媛쒖꽑 紐⑤뱢 濡쒕뱶 ?깃났
2025-10-12 12:58:03,144 - INFO - ??KIS ?곗씠???쒓났??濡쒕뱶 ?깃났
2025-10-12 12:58:04,433 - INFO - ??醫낅ぉ紐?罹먯떆 濡쒕뱶: 1836媛?
2025-10-12 12:58:04,434 - INFO - ??紐⑤뱺 而댄룷?뚰듃 珥덇린???꾨즺
2025-10-12 12:58:04,437 - INFO - ??罹섎━釉뚮젅?댁뀡 ?듦퀎 ??? logs/calibration\calibration_2025-10.json
2025-10-12 12:58:04,437 - INFO - ??罹섎━釉뚮젅?댁뀡 ?듦퀎 湲곕줉 ?꾨즺
2025-10-12 12:58:04,437 - INFO - ???쒖븞???먯닔 而룹삤?? {'STRONG_BUY': 95.25946947790051, 'BUY': 82.39274573357417, 'HOLD': 64.22272115320172, 'SELL': 0}
============================================================
?? 媛쒖꽑??媛移섏＜ ?ㅽ겕由щ떇 ?쒖뒪??v2.2.0
============================================================

?벀 STEP 1: 紐⑤뱢 濡쒕뵫 以?..

?뵩 STEP 2: ?쒖뒪??珥덇린??以?..

?뱤 STEP 3: ?숈쟻 ?뚮씪誘명꽣 怨꾩궛 ?덉떆
------------------------------------------------------------
?뱁꽣           r (?붽뎄?섏씡瑜?          b (?좊낫??        
------------------------------------------------------------
?꾧린?꾩옄       0.1200 (12.00%)    0.3500 (35.00%)
湲덉쑖         0.1000 (10.00%)    0.4000 (40.00%)
IT         0.1250 (12.50%)    0.3000 (30.00%)
?쒖“??       0.1150 (11.50%)    0.3500 (35.00%)
?뚮퉬??       0.1100 (11.00%)    0.4000 (40.00%)

?뵇 STEP 4: MoS ?낅젰 寃利??덉떆
------------------------------------------------------------
?뺤긽 耳?댁뒪               ???듦낵       OK
?뚯닔 PER               ???ㅽ뙣       PER ??0
怨쇰룄??ROE (g >= r ?꾪뿕)  ???ㅽ뙣       ROE=150.0% (?댁긽移?; g=0.4500 ??r=0.1250 (遺꾨え 0/?뚯닔 ?꾪뿕)

?썳截?STEP 5: ?곗씠???덉쭏 媛???덉떆
------------------------------------------------------------
?곗씠???좎꽑?? ???듦낵 - OK
?щТ ?곸떇 泥댄겕: ???듦낵 - OK
?뱁꽣 '?꾧린?꾩옄': ??OK
?뱁꽣 '湲고?': ???뱁꽣 誘몃ℓ??(湲고?)
?뱁꽣 '': ???뱁꽣 ?꾨씫

?뱢 STEP 6: ?먯닔 罹섎━釉뚮젅?댁뀡 ?뚯뒪??
------------------------------------------------------------

?쒖븞???먯닔 而룹삤??
  STRONG_BUY  : 95.3???댁긽
  BUY         : 82.4???댁긽
  HOLD        : 64.2???댁긽
  SELL        : 0.0???댁긽

?붾퀎 罹섎━釉뚮젅?댁뀡 由ы룷??
============================================================
# 2025-10 罹섎━釉뚮젅?댁뀡 由ы룷??

## ?뱤 ?먯닔 遺꾪룷

- **?섑뵆 ?ш린**: 100
- **?됯퇏**: 73.5
- **以묒븰媛?*: 72.5
- **?쒖??몄감**: 16.7
- **踰붿쐞**: 32.1 ~ 126.2

## ?렞 ?깃툒 遺꾪룷

- **STRONG_BUY**: 9媛?(9.0%) - 紐⑺몴: 10%
- **BUY**: 26媛?(26.0%) - 紐⑺몴: 20%
- **HOLD**: 45媛?(45.0%) - 紐⑺몴: 40%
- **SELL**: 20媛?(20.0%) - 紐⑺몴: 30%

## ?룫 ?뱁꽣蹂??됯퇏 ?먯닔

- **?뚮퉬??*: 77.0??(以묒븰媛? 80.8, 13媛?
- **?쒖“??*: 74.9??(以묒븰媛? 74.8, 16媛?
- **IT**: 74.1??(以묒븰媛? 76.8, 21媛?
- **湲덉쑖**: 74.0??(以묒븰媛? 70.2, 29媛?
- **嫄댁꽕**: 69.1??(以묒븰媛? 69.6, 21媛?


?뭿 STEP 7: ?⑥씪 醫낅ぉ ?듯빀 遺꾩꽍 ?덉떆
------------------------------------------------------------

醫낅ぉ: ?쇱꽦?꾩옄 (005930)
?뱁꽣: ?꾧린?꾩옄
PER: 12.50, PBR: 1.20, ROE: 15.0%

?곗씠???덉쭏: ???듦낵 - OK
MoS 寃利? ???듦낵 - OK

?숈쟻 ?뚮씪誘명꽣:
  r (?붽뎄?섏씡瑜?: 0.1200 (12.00%)
  b (?좊낫??: 0.3500 (35.00%)
  g (?깆옣瑜?: 0.0525 (5.25%)

Justified Multiples:
  PBR*: 1.44諛?(?꾩옱: 1.20諛?
  PER*: 9.63諛?(?꾩옱: 12.50諛?

?덉쟾留덉쭊(MoS):
  PBR 寃쎈줈: +20.4%
  PER 寃쎈줈: -23.0%
  理쒖쥌 MoS: -23.0% (蹂댁닔??

?됯?: ??二쇱쓽

============================================================
??媛쒖꽑 ?쒖뒪???뚯뒪???꾨즺!
============================================================

?뱛 ?앹꽦???뚯씪:
  - logs/calibration/calibration_YYYY-MM.json

?뱰 ?ㅼ쓬 ?④퀎:
  1. value_stock_finder.py???듯빀 (IMPROVEMENT_INTEGRATION_GUIDE.md 李몄“)
  2. streamlit run value_stock_finder.py ?ㅽ뻾
  3. ?붾퀎 罹섎━釉뚮젅?댁뀡 由ы룷???뺤씤
  4. 諛깊뀒?ㅽ듃 ?ㅽ뻾 (run_backtest.py)

